--------------------------------------------------------------------------
WARNING: There was an error initializing an OpenFabrics device.

  Local host:   node203
  Local device: mlx5_0
--------------------------------------------------------------------------
[1778073505.615638] [node143:1889729:0]     ucp_context.c:2137 UCX  WARN  UCP API version is incompatible: required >= 1.17, actual 1.16.0 (loaded from /lib64/libucp.so.0)
[1778073505.615627] [node143:1889732:0]     ucp_context.c:2137 UCX  WARN  UCP API version is incompatible: required >= 1.17, actual 1.16.0 (loaded from /lib64/libucp.so.0)
[1778073505.615601] [node143:1889723:0]     ucp_context.c:2137 UCX  WARN  UCP API version is incompatible: required >= 1.17, actual 1.16.0 (loaded from /lib64/libucp.so.0)
[1778073505.615607] [node143:1889724:0]     ucp_context.c:2137 UCX  WARN  UCP API version is incompatible: required >= 1.17, actual 1.16.0 (loaded from /lib64/libucp.so.0)
[1778073505.615609] [node143:1889726:0]     ucp_context.c:2137 UCX  WARN  UCP API version is incompatible: required >= 1.17, actual 1.16.0 (loaded from /lib64/libucp.so.0)
[1778073505.615626] [node143:1889728:0]     ucp_context.c:2137 UCX  WARN  UCP API version is incompatible: required >= 1.17, actual 1.16.0 (loaded from /lib64/libucp.so.0)
[1778073505.615756] [node143:1889727:0]     ucp_context.c:2137 UCX  WARN  UCP API version is incompatible: required >= 1.17, actual 1.16.0 (loaded from /lib64/libucp.so.0)
[1778073505.616830] [node150:133421:0]     ucp_context.c:2137 UCX  WARN  UCP API version is incompatible: required >= 1.17, actual 1.16.0 (loaded from /lib64/libucp.so.0)
[1778073505.616863] [node150:133422:0]     ucp_context.c:2137 UCX  WARN  UCP API version is incompatible: required >= 1.17, actual 1.16.0 (loaded from /lib64/libucp.so.0)
[1778073505.616841] [node150:133423:0]     ucp_context.c:2137 UCX  WARN  UCP API version is incompatible: required >= 1.17, actual 1.16.0 (loaded from /lib64/libucp.so.0)
[1778073505.616827] [node150:133424:0]     ucp_context.c:2137 UCX  WARN  UCP API version is incompatible: required >= 1.17, actual 1.16.0 (loaded from /lib64/libucp.so.0)
[1778073505.616850] [node150:133427:0]     ucp_context.c:2137 UCX  WARN  UCP API version is incompatible: required >= 1.17, actual 1.16.0 (loaded from /lib64/libucp.so.0)
[1778073505.616845] [node150:133428:0]     ucp_context.c:2137 UCX  WARN  UCP API version is incompatible: required >= 1.17, actual 1.16.0 (loaded from /lib64/libucp.so.0)
[1778073505.616842] [node150:133429:0]     ucp_context.c:2137 UCX  WARN  UCP API version is incompatible: required >= 1.17, actual 1.16.0 (loaded from /lib64/libucp.so.0)
[1778073505.617102] [node150:133420:0]     ucp_context.c:2137 UCX  WARN  UCP API version is incompatible: required >= 1.17, actual 1.16.0 (loaded from /lib64/libucp.so.0)
[1778073505.626687] [node143:1889725:0]     ucp_context.c:2137 UCX  WARN  UCP API version is incompatible: required >= 1.17, actual 1.16.0 (loaded from /lib64/libucp.so.0)
[1778073505.909834] [node143:1889732:0]     ucp_context.c:2137 UCX  WARN  UCP API version is incompatible: required >= 1.17, actual 1.16.0 (loaded from /lib64/libucp.so.0)
[1778073505.909846] [node143:1889727:0]     ucp_context.c:2137 UCX  WARN  UCP API version is incompatible: required >= 1.17, actual 1.16.0 (loaded from /lib64/libucp.so.0)
[1778073505.909845] [node143:1889724:0]     ucp_context.c:2137 UCX  WARN  UCP API version is incompatible: required >= 1.17, actual 1.16.0 (loaded from /lib64/libucp.so.0)
[1778073505.909832] [node143:1889728:0]     ucp_context.c:2137 UCX  WARN  UCP API version is incompatible: required >= 1.17, actual 1.16.0 (loaded from /lib64/libucp.so.0)
[1778073505.909840] [node143:1889726:0]     ucp_context.c:2137 UCX  WARN  UCP API version is incompatible: required >= 1.17, actual 1.16.0 (loaded from /lib64/libucp.so.0)
[1778073505.909833] [node143:1889729:0]     ucp_context.c:2137 UCX  WARN  UCP API version is incompatible: required >= 1.17, actual 1.16.0 (loaded from /lib64/libucp.so.0)
[1778073505.909845] [node143:1889725:0]     ucp_context.c:2137 UCX  WARN  UCP API version is incompatible: required >= 1.17, actual 1.16.0 (loaded from /lib64/libucp.so.0)
[1778073505.910282] [node143:1889723:0]     ucp_context.c:2137 UCX  WARN  UCP API version is incompatible: required >= 1.17, actual 1.16.0 (loaded from /lib64/libucp.so.0)
[1778073505.902018] [node150:133421:0]     ucp_context.c:2137 UCX  WARN  UCP API version is incompatible: required >= 1.17, actual 1.16.0 (loaded from /lib64/libucp.so.0)
[1778073505.902023] [node150:133422:0]     ucp_context.c:2137 UCX  WARN  UCP API version is incompatible: required >= 1.17, actual 1.16.0 (loaded from /lib64/libucp.so.0)
[1778073505.901968] [node150:133423:0]     ucp_context.c:2137 UCX  WARN  UCP API version is incompatible: required >= 1.17, actual 1.16.0 (loaded from /lib64/libucp.so.0)
[1778073505.901974] [node150:133424:0]     ucp_context.c:2137 UCX  WARN  UCP API version is incompatible: required >= 1.17, actual 1.16.0 (loaded from /lib64/libucp.so.0)
[1778073505.902001] [node150:133428:0]     ucp_context.c:2137 UCX  WARN  UCP API version is incompatible: required >= 1.17, actual 1.16.0 (loaded from /lib64/libucp.so.0)
[1778073505.902020] [node150:133420:0]     ucp_context.c:2137 UCX  WARN  UCP API version is incompatible: required >= 1.17, actual 1.16.0 (loaded from /lib64/libucp.so.0)
[1778073505.901995] [node150:133429:0]     ucp_context.c:2137 UCX  WARN  UCP API version is incompatible: required >= 1.17, actual 1.16.0 (loaded from /lib64/libucp.so.0)
[1778073505.902442] [node150:133427:0]     ucp_context.c:2137 UCX  WARN  UCP API version is incompatible: required >= 1.17, actual 1.16.0 (loaded from /lib64/libucp.so.0)
Running problem size 80^3 per domain until completion
Num processors: 64
Num threads: 12
Total number of elements: 32768000 

To run other sizes, use -s <integer>.
To run a fixed number of iterations, use -i <integer>.
To run a more or less balanced region set, use -b <integer>.
To change the relative costs of regions, use -c <integer>.
To print out progress, use -p
To write an output file for VisIt, use -v
See help (-h) for more options

Run completed:
   Problem size        =  80
   MPI tasks           =  64
   Iteration count     =  20
   Final Origin Energy =  5.316142e+09
   Testing Plane 0 of Energy Array on rank 0:
        MaxAbsDiff   = 3.576279e-07
        TotalAbsDiff = 3.655597e-07
        MaxRelDiff   = 1.632263e-12

Elapsed time         =        2.3 (s)
Grind time (us/z/c)  = 0.22152882 (per dom)  ( 2.2684552 overall)
FOM                  =  288901.46 (z/s)

[node143.prod.phadcloud.local:1889705] 63 more processes have sent help message help-mpi-btl-openib.txt / error in device init
[node143.prod.phadcloud.local:1889705] Set MCA parameter "orte_base_help_aggregate" to 0 to see all help / error messages
