Running problem size 40^3 per domain until completion
Num processors: 27
Num threads: 1
Total number of elements: 1728000 

To run other sizes, use -s <integer>.
To run a fixed number of iterations, use -i <integer>.
To run a more or less balanced region set, use -b <integer>.
To change the relative costs of regions, use -c <integer>.
To print out progress, use -p
To write an output file for VisIt, use -v
See help (-h) for more options

Run completed:
   Problem size        =  40
   MPI tasks           =  27
   Iteration count     =  20
   Final Origin Energy =  2.803434e+08
   Testing Plane 0 of Energy Array on rank 0:
        MaxAbsDiff   = 1.862645e-08
        TotalAbsDiff = 1.929680e-08
        MaxRelDiff   = 7.065527e-13

Elapsed time         =         17 (s)
Grind time (us/z/c)  =  13.023981 (per dom)  ( 16.670696 overall)
FOM                  =  2073.0988 (z/s)

