Running problem size 40^3 per domain until completion
Num processors: 27
Num threads: 1
Total number of elements: 1728000

To run other sizes, use -s <integer>.
To run a fixed number of iterations, use -i <integer>.
To run a more or less balanced region set, use -b <integer>.
To change the relative costs of regions, use -c <integer>.
To print out progress, use -p
See help (-h) for more options

Run completed:  
   Problem size        =  40 
   MPI tasks           =  27 
   Iteration count     =  20 
   Final Origin Energy = 2.803434e+08 
   Testing Plane 0 of Energy Array on rank 0:
        MaxAbsDiff   = 3.725290e-09
        TotalAbsDiff = 3.842665e-09
        MaxRelDiff   = 7.075801e-13


Elapsed time         =      17.26 (s)
Grind time (us/z/c)  =  13.482029 (per dom)  ( 0.4993344 overall)
FOM                  =  2002.6659 (z/s)

