[node60.prod.phadcloud.local:1749913] MCW rank 4 bound to socket 0[core 4[hwt 0]]: [././././B/././.][]
[node60.prod.phadcloud.local:1749913] MCW rank 5 bound to socket 0[core 5[hwt 0]]: [./././././B/./.][]
[node60.prod.phadcloud.local:1749913] MCW rank 6 bound to socket 0[core 6[hwt 0]]: [././././././B/.][]
[node60.prod.phadcloud.local:1749913] MCW rank 7 bound to socket 0[core 7[hwt 0]]: [./././././././B][]
[node60.prod.phadcloud.local:1749913] MCW rank 0 bound to socket 0[core 0[hwt 0]]: [B/././././././.][]
[node60.prod.phadcloud.local:1749913] MCW rank 1 bound to socket 0[core 1[hwt 0]]: [./B/./././././.][]
[node60.prod.phadcloud.local:1749913] MCW rank 2 bound to socket 0[core 2[hwt 0]]: [././B/././././.][]
[node60.prod.phadcloud.local:1749913] MCW rank 3 bound to socket 0[core 3[hwt 0]]: [./././B/./././.][]
--------------------------------------------------------------------------
WARNING: There was an error initializing an OpenFabrics device.

  Local host:   node60
  Local device: mlx5_0
--------------------------------------------------------------------------
Running problem size 80^3 per domain until completion
Num processors: 8
Num threads: 1
Total number of elements: 4096000 

To run other sizes, use -s <integer>.
To run a fixed number of iterations, use -i <integer>.
To run a more or less balanced region set, use -b <integer>.
To change the relative costs of regions, use -c <integer>.
To print out progress, use -p
To write an output file for VisIt, use -v
See help (-h) for more options

[node60.prod.phadcloud.local:1749913] 7 more processes have sent help message help-mpi-btl-openib.txt / error in device init
[node60.prod.phadcloud.local:1749913] Set MCA parameter "orte_base_help_aggregate" to 0 to see all help / error messages
Run completed:
   Problem size        =  80
   MPI tasks           =  8
   Iteration count     =  20
   Final Origin Energy =  6.645177e+08
   Testing Plane 0 of Energy Array on rank 0:
        MaxAbsDiff   = 1.490116e-08
        TotalAbsDiff = 1.571670e-08
        MaxRelDiff   = 2.274214e-12

Elapsed time         =        5.3 (s)
Grind time (us/z/c)  = 0.52013351 (per dom)  ( 5.3261671 overall)
FOM                  =  15380.666 (z/s)

