Running problem size 80^3 per domain until completion
Num processors: 27
Num threads: 1
Total number of elements: 13824000 

To run other sizes, use -s <integer>.
To run a fixed number of iterations, use -i <integer>.
To run a more or less balanced region set, use -b <integer>.
To change the relative costs of regions, use -c <integer>.
To print out progress, use -p
To write an output file for VisIt, use -v
See help (-h) for more options

Run completed:
   Problem size        =  80
   MPI tasks           =  27
   Iteration count     =  20
   Final Origin Energy =  2.242747e+09
   Testing Plane 0 of Energy Array on rank 0:
        MaxAbsDiff   = 2.980232e-08
        TotalAbsDiff = 3.923598e-08
        MaxRelDiff   = 2.812378e-13

Elapsed time         =         88 (s)
Grind time (us/z/c)  =  8.6107462 (per dom)  ( 88.174041 overall)
FOM                  =  3135.6167 (z/s)

