Running problem size 80^3 per domain until completion
Num processors: 27
Num threads: 1
Total number of elements: 13824000

To run other sizes, use -s <integer>.
To run a fixed number of iterations, use -i <integer>.
To run a more or less balanced region set, use -b <integer>.
To change the relative costs of regions, use -c <integer>.
To print out progress, use -p
See help (-h) for more options

Run completed:  
   Problem size        =  80 
   MPI tasks           =  27 
   Iteration count     =  20 
   Final Origin Energy = 2.242747e+09 
   Testing Plane 0 of Energy Array on rank 0:
        MaxAbsDiff   = 2.086163e-07
        TotalAbsDiff = 2.161873e-07
        MaxRelDiff   = 2.800676e-13


Elapsed time         =      84.79 (s)
Grind time (us/z/c)  =  8.2801791 (per dom)  ( 0.3066733 overall)
FOM                  =   3260.799 (z/s)

