Running problem size 40^3 per domain until completion
Num processors: 1
Num threads: 64
Total number of elements: 64000

To run other sizes, use -s <integer>.
To run a fixed number of iterations, use -i <integer>.
To run a more or less balanced region set, use -b <integer>.
To change the relative costs of regions, use -c <integer>.
To print out progress, use -p
See help (-h) for more options

Run completed:  
   Problem size        =  40 
   MPI tasks           =  1 
   Iteration count     =  20 
   Final Origin Energy = 1.038309e+07 
   Testing Plane 0 of Energy Array on rank 0:
        MaxAbsDiff   = 1.164153e-10
        TotalAbsDiff = 1.259809e-10
        MaxRelDiff   = 9.289033e-13


Elapsed time         =       1.90 (s)
Grind time (us/z/c)  =  1.4879078 (per dom)  ( 1.4879078 overall)
FOM                  =  672.08465 (z/s)

