--------------------------------------------------------------------------
WARNING: There was an error initializing an OpenFabrics device.

  Local host:   node217
  Local device: mlx5_0
--------------------------------------------------------------------------
Running problem size 20^3 per domain until completion
Num processors: 1
Num threads: 12
Total number of elements: 8000

To run other sizes, use -s <integer>.
To run a fixed number of iterations, use -i <integer>.
To run a more or less balanced region set, use -b <integer>.
To change the relative costs of regions, use -c <integer>.
To print out progress, use -p
See help (-h) for more options

Run completed:  
   Problem size        =  20 
   MPI tasks           =  1 
   Iteration count     =  20 
   Final Origin Energy = 1.297886e+06 
   Testing Plane 0 of Energy Array on rank 0:
        MaxAbsDiff   = 8.731149e-11
        TotalAbsDiff = 8.924449e-11
        MaxRelDiff   = 5.455196e-13


Elapsed time         =       0.27 (s)
Grind time (us/z/c)  =     1.6932 (per dom)  (    1.6932 overall)
FOM                  =  590.59768 (z/s)

