--------------------------------------------------------------------------
WARNING: There was an error initializing an OpenFabrics device.

  Local host:   node217
  Local device: mlx5_0
--------------------------------------------------------------------------
Running problem size 120^3 per domain until completion
Num processors: 27
Num threads: 3
Total number of elements: 46656000

To run other sizes, use -s <integer>.
To run a fixed number of iterations, use -i <integer>.
To run a more or less balanced region set, use -b <integer>.
To change the relative costs of regions, use -c <integer>.
To print out progress, use -p
See help (-h) for more options

[node217.prod.phadcloud.local:938612] 26 more processes have sent help message help-mpi-btl-openib.txt / error in device init
[node217.prod.phadcloud.local:938612] Set MCA parameter "orte_base_help_aggregate" to 0 to see all help / error messages
Run completed:  
   Problem size        =  120 
   MPI tasks           =  27 
   Iteration count     =  20 
   Final Origin Energy = 7.569272e+09 
   Testing Plane 0 of Energy Array on rank 0:
        MaxAbsDiff   = 3.576279e-07
        TotalAbsDiff = 4.880271e-07
        MaxRelDiff   = 1.357083e-12


Elapsed time         =     126.33 (s)
Grind time (us/z/c)  =  3.6554418 (per dom)  (0.13538673 overall)
FOM                  =   7386.248 (z/s)

