--------------------------------------------------------------------------
WARNING: There was an error initializing an OpenFabrics device.

  Local host:   node59
  Local device: mlx5_0
--------------------------------------------------------------------------
Running problem size 80^3 per domain until completion
Num processors: 27
Num threads: 1
Total number of elements: 13824000 

To run other sizes, use -s <integer>.
To run a fixed number of iterations, use -i <integer>.
To run a more or less balanced region set, use -b <integer>.
To change the relative costs of regions, use -c <integer>.
To print out progress, use -p
To write an output file for VisIt, use -v
See help (-h) for more options

[node59.prod.phadcloud.local:1089056] 26 more processes have sent help message help-mpi-btl-openib.txt / error in device init
[node59.prod.phadcloud.local:1089056] Set MCA parameter "orte_base_help_aggregate" to 0 to see all help / error messages
Run completed:
   Problem size        =  80
   MPI tasks           =  27
   Iteration count     =  20
   Final Origin Energy =  2.242747e+09
   Testing Plane 0 of Energy Array on rank 0:
        MaxAbsDiff   = 2.980232e-08
        TotalAbsDiff = 3.923598e-08
        MaxRelDiff   = 2.812378e-13

Elapsed time         =         86 (s)
Grind time (us/z/c)  =  8.3705604 (per dom)  ( 85.714538 overall)
FOM                  =  3225.5905 (z/s)

