CASE_LABEL=kc_hybrid_np27_t3_s40_i20_bindcore_20260504_170854
SECTION_NAME=hybrid
MPI_BINDING_MODE=core
HYBRID_LAYOUT_MODE=slotpe
OMP_NUM_THREADS=3
OMP_PLACES=cores
OMP_PROC_BIND=close
MPI_CMD=mpirun --map-by slot:PE=3 --bind-to core -np 27 /phadcloud/home/phadcloud65np17907/build-cluster-kc/lulesh2.0 -s 40 -i 20
Model name:                         INTEL(R) XEON(R) PLATINUM 8581C
Thread(s) per core:                 1
Core(s) per socket:                 60
Socket(s):                          2
NUMA node(s):                       4
NUMA node0 CPU(s):                  0-29
NUMA node1 CPU(s):                  30-59
NUMA node2 CPU(s):                  60-89
NUMA node3 CPU(s):                  90-119

--------------------------------------------------------------------------
WARNING: There was an error initializing an OpenFabrics device.

  Local host:   node60
  Local device: mlx5_0
--------------------------------------------------------------------------
Running problem size 40^3 per domain until completion
Num processors: 27
Num threads: 3
Total number of elements: 1728000

To run other sizes, use -s <integer>.
To run a fixed number of iterations, use -i <integer>.
To run a more or less balanced region set, use -b <integer>.
To change the relative costs of regions, use -c <integer>.
To print out progress, use -p
See help (-h) for more options

Run completed:  
   Problem size        =  40 
   MPI tasks           =  27 
   Iteration count     =  20 
   Final Origin Energy = 2.803434e+08 
   Testing Plane 0 of Energy Array on rank 0:
        MaxAbsDiff   = 3.725290e-09
        TotalAbsDiff = 3.842665e-09
        MaxRelDiff   = 7.075801e-13


Elapsed time         =       0.43 (s)
Grind time (us/z/c)  = 0.33824063 (per dom)  (0.012527431 overall)
FOM                  =  79824.829 (z/s)

[node60.prod.phadcloud.local:1783892] 26 more processes have sent help message help-mpi-btl-openib.txt / error in device init
[node60.prod.phadcloud.local:1783892] Set MCA parameter "orte_base_help_aggregate" to 0 to see all help / error messages
