Running problem size 120^3 per domain until completion
Num processors: 64
Num threads: 1
Total number of elements: 110592000 

To run other sizes, use -s <integer>.
To run a fixed number of iterations, use -i <integer>.
To run a more or less balanced region set, use -b <integer>.
To change the relative costs of regions, use -c <integer>.
To print out progress, use -p
To write an output file for VisIt, use -v
See help (-h) for more options

Run completed:
   Problem size        =  120
   MPI tasks           =  64
   Iteration count     =  20
   Final Origin Energy =  1.794198e+10
   Testing Plane 0 of Energy Array on rank 0:
        MaxAbsDiff   = 7.152557e-07
        TotalAbsDiff = 8.987957e-07
        MaxRelDiff   = 1.976855e-12

Elapsed time         =    6.8e+02 (s)
Grind time (us/z/c)  =  19.723422 (per dom)  ( 681.64145 overall)
FOM                  =  3244.8731 (z/s)

