Running problem size 120^3 per domain until completion
Num processors: 64
Num threads: 1
Total number of elements: 110592000

To run other sizes, use -s <integer>.
To run a fixed number of iterations, use -i <integer>.
To run a more or less balanced region set, use -b <integer>.
To change the relative costs of regions, use -c <integer>.
To print out progress, use -p
See help (-h) for more options

Run completed:  
   Problem size        =  120 
   MPI tasks           =  64 
   Iteration count     =  20 
   Final Origin Energy = 1.794198e+10 
   Testing Plane 0 of Energy Array on rank 0:
        MaxAbsDiff   = 7.152557e-07
        TotalAbsDiff = 8.950704e-07
        MaxRelDiff   = 1.976465e-12


Elapsed time         =     614.93 (s)
Grind time (us/z/c)  =  17.793113 (per dom)  (0.27801739 overall)
FOM                  =  3596.8973 (z/s)

