[node60.prod.phadcloud.local:1757537] MCW rank 0 bound to socket 0[core 0[hwt 0]]: [B/./././././././././././././././././././././././././././.][]
--------------------------------------------------------------------------
WARNING: There was an error initializing an OpenFabrics device.

  Local host:   node60
  Local device: mlx5_0
--------------------------------------------------------------------------
Running problem size 20^3 per domain until completion
Num processors: 1
Num threads: 29
Total number of elements: 8000

To run other sizes, use -s <integer>.
To run a fixed number of iterations, use -i <integer>.
To run a more or less balanced region set, use -b <integer>.
To change the relative costs of regions, use -c <integer>.
To print out progress, use -p
See help (-h) for more options

Run completed:  
   Problem size        =  20 
   MPI tasks           =  1 
   Iteration count     =  20 
   Final Origin Energy = 1.297886e+06 
   Testing Plane 0 of Energy Array on rank 0:
        MaxAbsDiff   = 8.731149e-11
        TotalAbsDiff = 8.924449e-11
        MaxRelDiff   = 5.455196e-13


Elapsed time         =       0.43 (s)
Grind time (us/z/c)  =   2.659575 (per dom)  (  2.659575 overall)
FOM                  =  375.99992 (z/s)

