CASE_LABEL=kc_hybrid_np8_t8_s40_i20_bindcore_20260504_170739
SECTION_NAME=hybrid
MPI_BINDING_MODE=core
HYBRID_LAYOUT_MODE=slotpe
OMP_NUM_THREADS=8
OMP_PLACES=cores
OMP_PROC_BIND=close
MPI_CMD=mpirun --map-by slot:PE=8 --bind-to core -np 8 /phadcloud/home/phadcloud65np17907/build-cluster-kc/lulesh2.0 -s 40 -i 20
Model name:                         INTEL(R) XEON(R) PLATINUM 8581C
Thread(s) per core:                 1
Core(s) per socket:                 60
Socket(s):                          2
NUMA node(s):                       4
NUMA node0 CPU(s):                  0-29
NUMA node1 CPU(s):                  30-59
NUMA node2 CPU(s):                  60-89
NUMA node3 CPU(s):                  90-119

--------------------------------------------------------------------------
WARNING: There was an error initializing an OpenFabrics device.

  Local host:   node60
  Local device: mlx5_0
--------------------------------------------------------------------------
Running problem size 40^3 per domain until completion
Num processors: 8
Num threads: 8
Total number of elements: 512000

To run other sizes, use -s <integer>.
To run a fixed number of iterations, use -i <integer>.
To run a more or less balanced region set, use -b <integer>.
To change the relative costs of regions, use -c <integer>.
To print out progress, use -p
See help (-h) for more options

Run completed:  
   Problem size        =  40 
   MPI tasks           =  8 
   Iteration count     =  20 
   Final Origin Energy = 8.306471e+07 
   Testing Plane 0 of Energy Array on rank 0:
        MaxAbsDiff   = 2.793968e-09
        TotalAbsDiff = 2.950682e-09
        MaxRelDiff   = 6.093754e-13


Elapsed time         =       0.17 (s)
Grind time (us/z/c)  =  0.1325625 (per dom)  (0.016570313 overall)
FOM                  =  60348.892 (z/s)

[node60.prod.phadcloud.local:1781629] 7 more processes have sent help message help-mpi-btl-openib.txt / error in device init
[node60.prod.phadcloud.local:1781629] Set MCA parameter "orte_base_help_aggregate" to 0 to see all help / error messages
