--------------------------------------------------------------------------
WARNING: There was an error initializing an OpenFabrics device.

  Local host:   node60
  Local device: mlx5_0
--------------------------------------------------------------------------
Running problem size 120^3 per domain until completion
Num processors: 8
Num threads: 1
Total number of elements: 13824000 

To run other sizes, use -s <integer>.
To run a fixed number of iterations, use -i <integer>.
To run a more or less balanced region set, use -b <integer>.
To change the relative costs of regions, use -c <integer>.
To print out progress, use -p
To write an output file for VisIt, use -v
See help (-h) for more options

[node60.prod.phadcloud.local:1733668] 7 more processes have sent help message help-mpi-btl-openib.txt / error in device init
[node60.prod.phadcloud.local:1733668] Set MCA parameter "orte_base_help_aggregate" to 0 to see all help / error messages
Run completed:
   Problem size        =  120
   MPI tasks           =  8
   Iteration count     =  20
   Final Origin Energy =  2.242747e+09
   Testing Plane 0 of Energy Array on rank 0:
        MaxAbsDiff   = 2.980232e-08
        TotalAbsDiff = 3.923598e-08
        MaxRelDiff   = 2.812378e-13

Elapsed time         =         78 (s)
Grind time (us/z/c)  =  2.2516888 (per dom)  ( 77.818365 overall)
FOM                  =  3552.8888 (z/s)

