Running problem size 40^3 per domain until completion
Num processors: 1
Num threads: 1
Total number of elements: 64000

To run other sizes, use -s <integer>.
To run a fixed number of iterations, use -i <integer>.
To run a more or less balanced region set, use -b <integer>.
To change the relative costs of regions, use -c <integer>.
To print out progress, use -p
See help (-h) for more options

Run completed:  
   Problem size        =  40 
   MPI tasks           =  1 
   Iteration count     =  20 
   Final Origin Energy = 1.038309e+07 
   Testing Plane 0 of Energy Array on rank 0:
        MaxAbsDiff   = 9.313226e-10
        TotalAbsDiff = 9.458905e-10
        MaxRelDiff   = 9.285741e-13


Elapsed time         =       0.80 (s)
Grind time (us/z/c)  = 0.62582695 (per dom)  (0.62582695 overall)
FOM                  =  1597.8858 (z/s)

