Running problem size 40^3 per domain until completion
Num processors: 8
Num threads: 8
Total number of elements: 512000

To run other sizes, use -s <integer>.
To run a fixed number of iterations, use -i <integer>.
To run a more or less balanced region set, use -b <integer>.
To change the relative costs of regions, use -c <integer>.
To print out progress, use -p
See help (-h) for more options

Run completed:  
   Problem size        =  40 
   MPI tasks           =  8 
   Iteration count     =  20 
   Final Origin Energy = 8.306471e+07 
   Testing Plane 0 of Energy Array on rank 0:
        MaxAbsDiff   = 2.793968e-09
        TotalAbsDiff = 2.950682e-09
        MaxRelDiff   = 6.093754e-13


Elapsed time         =      18.75 (s)
Grind time (us/z/c)  =  14.645298 (per dom)  ( 1.8306622 overall)
FOM                  =  546.25042 (z/s)

