[node60.prod.phadcloud.local:1751057] MCW rank 2 bound to socket 0[core 2[hwt 0]]: [././B/././././././././././././././././././././././././././././././././././././././././.][./././././././././././././././././././.]
[node60.prod.phadcloud.local:1751057] MCW rank 3 bound to socket 0[core 3[hwt 0]]: [./././B/./././././././././././././././././././././././././././././././././././././././.][./././././././././././././././././././.]
[node60.prod.phadcloud.local:1751057] MCW rank 4 bound to socket 0[core 4[hwt 0]]: [././././B/././././././././././././././././././././././././././././././././././././././.][./././././././././././././././././././.]
[node60.prod.phadcloud.local:1751057] MCW rank 5 bound to socket 0[core 5[hwt 0]]: [./././././B/./././././././././././././././././././././././././././././././././././././.][./././././././././././././././././././.]
[node60.prod.phadcloud.local:1751057] MCW rank 6 bound to socket 0[core 6[hwt 0]]: [././././././B/././././././././././././././././././././././././././././././././././././.][./././././././././././././././././././.]
[node60.prod.phadcloud.local:1751057] MCW rank 7 bound to socket 0[core 7[hwt 0]]: [./././././././B/./././././././././././././././././././././././././././././././././././.][./././././././././././././././././././.]
[node60.prod.phadcloud.local:1751057] MCW rank 8 bound to socket 0[core 8[hwt 0]]: [././././././././B/././././././././././././././././././././././././././././././././././.][./././././././././././././././././././.]
[node60.prod.phadcloud.local:1751057] MCW rank 9 bound to socket 0[core 9[hwt 0]]: [./././././././././B/./././././././././././././././././././././././././././././././././.][./././././././././././././././././././.]
[node60.prod.phadcloud.local:1751057] MCW rank 10 bound to socket 0[core 10[hwt 0]]: [././././././././././B/././././././././././././././././././././././././././././././././.][./././././././././././././././././././.]
[node60.prod.phadcloud.local:1751057] MCW rank 11 bound to socket 0[core 11[hwt 0]]: [./././././././././././B/./././././././././././././././././././././././././././././././.][./././././././././././././././././././.]
[node60.prod.phadcloud.local:1751057] MCW rank 12 bound to socket 0[core 12[hwt 0]]: [././././././././././././B/././././././././././././././././././././././././././././././.][./././././././././././././././././././.]
[node60.prod.phadcloud.local:1751057] MCW rank 13 bound to socket 0[core 13[hwt 0]]: [./././././././././././././B/./././././././././././././././././././././././././././././.][./././././././././././././././././././.]
[node60.prod.phadcloud.local:1751057] MCW rank 14 bound to socket 0[core 14[hwt 0]]: [././././././././././././././B/././././././././././././././././././././././././././././.][./././././././././././././././././././.]
[node60.prod.phadcloud.local:1751057] MCW rank 15 bound to socket 0[core 15[hwt 0]]: [./././././././././././././././B/./././././././././././././././././././././././././././.][./././././././././././././././././././.]
[node60.prod.phadcloud.local:1751057] MCW rank 16 bound to socket 0[core 16[hwt 0]]: [././././././././././././././././B/././././././././././././././././././././././././././.][./././././././././././././././././././.]
[node60.prod.phadcloud.local:1751057] MCW rank 17 bound to socket 0[core 17[hwt 0]]: [./././././././././././././././././B/./././././././././././././././././././././././././.][./././././././././././././././././././.]
[node60.prod.phadcloud.local:1751057] MCW rank 18 bound to socket 0[core 18[hwt 0]]: [././././././././././././././././././B/././././././././././././././././././././././././.][./././././././././././././././././././.]
[node60.prod.phadcloud.local:1751057] MCW rank 19 bound to socket 0[core 19[hwt 0]]: [./././././././././././././././././././B/./././././././././././././././././././././././.][./././././././././././././././././././.]
[node60.prod.phadcloud.local:1751057] MCW rank 0 bound to socket 0[core 0[hwt 0]]: [B/././././././././././././././././././././././././././././././././././././././././././.][./././././././././././././././././././.]
[node60.prod.phadcloud.local:1751057] MCW rank 1 bound to socket 0[core 1[hwt 0]]: [./B/./././././././././././././././././././././././././././././././././././././././././.][./././././././././././././././././././.]
[node60.prod.phadcloud.local:1751057] MCW rank 21 bound to socket 0[core 21[hwt 0]]: [./././././././././././././././././././././B/./././././././././././././././././././././.][./././././././././././././././././././.]
[node60.prod.phadcloud.local:1751057] MCW rank 23 bound to socket 0[core 23[hwt 0]]: [./././././././././././././././././././././././B/./././././././././././././././././././.][./././././././././././././././././././.]
[node60.prod.phadcloud.local:1751057] MCW rank 20 bound to socket 0[core 20[hwt 0]]: [././././././././././././././././././././B/././././././././././././././././././././././.][./././././././././././././././././././.]
[node60.prod.phadcloud.local:1751057] MCW rank 25 bound to socket 0[core 25[hwt 0]]: [./././././././././././././././././././././././././B/./././././././././././././././././.][./././././././././././././././././././.]
[node60.prod.phadcloud.local:1751057] MCW rank 22 bound to socket 0[core 22[hwt 0]]: [././././././././././././././././././././././B/././././././././././././././././././././.][./././././././././././././././././././.]
[node60.prod.phadcloud.local:1751057] MCW rank 27 bound to socket 0[core 27[hwt 0]]: [./././././././././././././././././././././././././././B/./././././././././././././././.][./././././././././././././././././././.]
[node60.prod.phadcloud.local:1751057] MCW rank 24 bound to socket 0[core 24[hwt 0]]: [././././././././././././././././././././././././B/././././././././././././././././././.][./././././././././././././././././././.]
[node60.prod.phadcloud.local:1751057] MCW rank 29 bound to socket 0[core 29[hwt 0]]: [./././././././././././././././././././././././././././././B/./././././././././././././.][./././././././././././././././././././.]
[node60.prod.phadcloud.local:1751057] MCW rank 26 bound to socket 0[core 26[hwt 0]]: [././././././././././././././././././././././././././B/././././././././././././././././.][./././././././././././././././././././.]
[node60.prod.phadcloud.local:1751057] MCW rank 31 bound to socket 0[core 31[hwt 0]]: [./././././././././././././././././././././././././././././././B/./././././././././././.][./././././././././././././././././././.]
[node60.prod.phadcloud.local:1751057] MCW rank 28 bound to socket 0[core 28[hwt 0]]: [././././././././././././././././././././././././././././B/././././././././././././././.][./././././././././././././././././././.]
[node60.prod.phadcloud.local:1751057] MCW rank 33 bound to socket 0[core 33[hwt 0]]: [./././././././././././././././././././././././././././././././././B/./././././././././.][./././././././././././././././././././.]
[node60.prod.phadcloud.local:1751057] MCW rank 30 bound to socket 0[core 30[hwt 0]]: [././././././././././././././././././././././././././././././B/././././././././././././.][./././././././././././././././././././.]
[node60.prod.phadcloud.local:1751057] MCW rank 35 bound to socket 0[core 35[hwt 0]]: [./././././././././././././././././././././././././././././././././././B/./././././././.][./././././././././././././././././././.]
[node60.prod.phadcloud.local:1751057] MCW rank 32 bound to socket 0[core 32[hwt 0]]: [././././././././././././././././././././././././././././././././B/././././././././././.][./././././././././././././././././././.]
[node60.prod.phadcloud.local:1751057] MCW rank 37 bound to socket 0[core 37[hwt 0]]: [./././././././././././././././././././././././././././././././././././././B/./././././.][./././././././././././././././././././.]
[node60.prod.phadcloud.local:1751057] MCW rank 34 bound to socket 0[core 34[hwt 0]]: [././././././././././././././././././././././././././././././././././B/././././././././.][./././././././././././././././././././.]
[node60.prod.phadcloud.local:1751057] MCW rank 39 bound to socket 0[core 39[hwt 0]]: [./././././././././././././././././././././././././././././././././././././././B/./././.][./././././././././././././././././././.]
[node60.prod.phadcloud.local:1751057] MCW rank 36 bound to socket 0[core 36[hwt 0]]: [././././././././././././././././././././././././././././././././././././B/././././././.][./././././././././././././././././././.]
[node60.prod.phadcloud.local:1751057] MCW rank 38 bound to socket 0[core 38[hwt 0]]: [././././././././././././././././././././././././././././././././././././././B/././././.][./././././././././././././././././././.]
[node60.prod.phadcloud.local:1751057] MCW rank 41 bound to socket 0[core 41[hwt 0]]: [./././././././././././././././././././././././././././././././././././././././././B/./.][./././././././././././././././././././.]
[node60.prod.phadcloud.local:1751057] MCW rank 43 bound to socket 0[core 43[hwt 0]]: [./././././././././././././././././././././././././././././././././././././././././././B][./././././././././././././././././././.]
[node60.prod.phadcloud.local:1751057] MCW rank 40 bound to socket 0[core 40[hwt 0]]: [././././././././././././././././././././././././././././././././././././././././B/././.][./././././././././././././././././././.]
[node60.prod.phadcloud.local:1751057] MCW rank 42 bound to socket 0[core 42[hwt 0]]: [././././././././././././././././././././././././././././././././././././././././././B/.][./././././././././././././././././././.]
[node60.prod.phadcloud.local:1751057] MCW rank 47 bound to socket 1[core 47[hwt 0]]: [./././././././././././././././././././././././././././././././././././././././././././.][./././B/./././././././././././././././.]
[node60.prod.phadcloud.local:1751057] MCW rank 45 bound to socket 1[core 45[hwt 0]]: [./././././././././././././././././././././././././././././././././././././././././././.][./B/./././././././././././././././././.]
[node60.prod.phadcloud.local:1751057] MCW rank 44 bound to socket 1[core 44[hwt 0]]: [./././././././././././././././././././././././././././././././././././././././././././.][B/././././././././././././././././././.]
[node60.prod.phadcloud.local:1751057] MCW rank 46 bound to socket 1[core 46[hwt 0]]: [./././././././././././././././././././././././././././././././././././././././././././.][././B/././././././././././././././././.]
[node60.prod.phadcloud.local:1751057] MCW rank 51 bound to socket 1[core 51[hwt 0]]: [./././././././././././././././././././././././././././././././././././././././././././.][./././././././B/./././././././././././.]
[node60.prod.phadcloud.local:1751057] MCW rank 49 bound to socket 1[core 49[hwt 0]]: [./././././././././././././././././././././././././././././././././././././././././././.][./././././B/./././././././././././././.]
[node60.prod.phadcloud.local:1751057] MCW rank 48 bound to socket 1[core 48[hwt 0]]: [./././././././././././././././././././././././././././././././././././././././././././.][././././B/././././././././././././././.]
[node60.prod.phadcloud.local:1751057] MCW rank 50 bound to socket 1[core 50[hwt 0]]: [./././././././././././././././././././././././././././././././././././././././././././.][././././././B/././././././././././././.]
[node60.prod.phadcloud.local:1751057] MCW rank 55 bound to socket 1[core 55[hwt 0]]: [./././././././././././././././././././././././././././././././././././././././././././.][./././././././././././B/./././././././.]
[node60.prod.phadcloud.local:1751057] MCW rank 52 bound to socket 1[core 52[hwt 0]]: [./././././././././././././././././././././././././././././././././././././././././././.][././././././././B/././././././././././.]
[node60.prod.phadcloud.local:1751057] MCW rank 53 bound to socket 1[core 53[hwt 0]]: [./././././././././././././././././././././././././././././././././././././././././././.][./././././././././B/./././././././././.]
[node60.prod.phadcloud.local:1751057] MCW rank 54 bound to socket 1[core 54[hwt 0]]: [./././././././././././././././././././././././././././././././././././././././././././.][././././././././././B/././././././././.]
[node60.prod.phadcloud.local:1751057] MCW rank 59 bound to socket 1[core 59[hwt 0]]: [./././././././././././././././././././././././././././././././././././././././././././.][./././././././././././././././B/./././.]
[node60.prod.phadcloud.local:1751057] MCW rank 57 bound to socket 1[core 57[hwt 0]]: [./././././././././././././././././././././././././././././././././././././././././././.][./././././././././././././B/./././././.]
[node60.prod.phadcloud.local:1751057] MCW rank 56 bound to socket 1[core 56[hwt 0]]: [./././././././././././././././././././././././././././././././././././././././././././.][././././././././././././B/././././././.]
[node60.prod.phadcloud.local:1751057] MCW rank 58 bound to socket 1[core 58[hwt 0]]: [./././././././././././././././././././././././././././././././././././././././././././.][././././././././././././././B/././././.]
[node60.prod.phadcloud.local:1751057] MCW rank 63 bound to socket 1[core 63[hwt 0]]: [./././././././././././././././././././././././././././././././././././././././././././.][./././././././././././././././././././B]
[node60.prod.phadcloud.local:1751057] MCW rank 61 bound to socket 1[core 61[hwt 0]]: [./././././././././././././././././././././././././././././././././././././././././././.][./././././././././././././././././B/./.]
[node60.prod.phadcloud.local:1751057] MCW rank 60 bound to socket 1[core 60[hwt 0]]: [./././././././././././././././././././././././././././././././././././././././././././.][././././././././././././././././B/././.]
[node60.prod.phadcloud.local:1751057] MCW rank 62 bound to socket 1[core 62[hwt 0]]: [./././././././././././././././././././././././././././././././././././././././././././.][././././././././././././././././././B/.]
--------------------------------------------------------------------------
WARNING: There was an error initializing an OpenFabrics device.

  Local host:   node60
  Local device: mlx5_0
--------------------------------------------------------------------------
Running problem size 80^3 per domain until completion
Num processors: 64
Num threads: 1
Total number of elements: 32768000

To run other sizes, use -s <integer>.
To run a fixed number of iterations, use -i <integer>.
To run a more or less balanced region set, use -b <integer>.
To change the relative costs of regions, use -c <integer>.
To print out progress, use -p
See help (-h) for more options

[node60.prod.phadcloud.local:1751057] 63 more processes have sent help message help-mpi-btl-openib.txt / error in device init
[node60.prod.phadcloud.local:1751057] Set MCA parameter "orte_base_help_aggregate" to 0 to see all help / error messages
Run completed:  
   Problem size        =  80 
   MPI tasks           =  64 
   Iteration count     =  20 
   Final Origin Energy = 5.316142e+09 
   Testing Plane 0 of Energy Array on rank 0:
        MaxAbsDiff   = 3.576279e-07
        TotalAbsDiff = 3.655597e-07
        MaxRelDiff   = 1.632263e-12


Elapsed time         =      10.77 (s)
Grind time (us/z/c)  =  1.0522179 (per dom)  (0.016440904 overall)
FOM                  =  60823.905 (z/s)

