Running problem size 10^3 per domain until completion
Num processors: 27
Num threads: 1
Total number of elements: 27000 

To run other sizes, use -s <integer>.
To run a fixed number of iterations, use -i <integer>.
To run a more or less balanced region set, use -b <integer>.
To change the relative costs of regions, use -c <integer>.
To print out progress, use -p
To write an output file for VisIt, use -v
See help (-h) for more options

Run completed:
   Problem size        =  10
   MPI tasks           =  27
   Iteration count     =  10
   Final Origin Energy =  7.011263e+06
   Testing Plane 0 of Energy Array on rank 0:
        MaxAbsDiff   = 4.365575e-11
        TotalAbsDiff = 4.376410e-11
        MaxRelDiff   = 1.380864e-14

Elapsed time         =     0.0084 (s)
Grind time (us/z/c)  =   0.836697 (per dom)  (0.00836697 overall)
FOM                  =  32269.746 (z/s)

