Running problem size 10^3 per domain until completion
Num processors: 1
Num threads: 8
Total number of elements: 1000 

To run other sizes, use -s <integer>.
To run a fixed number of iterations, use -i <integer>.
To run a more or less balanced region set, use -b <integer>.
To change the relative costs of regions, use -c <integer>.
To print out progress, use -p
To write an output file for VisIt, use -v
See help (-h) for more options

Run completed:
   Problem size        =  10
   MPI tasks           =  1
   Iteration count     =  10
   Final Origin Energy =  2.596764e+05
   Testing Plane 0 of Energy Array on rank 0:
        MaxAbsDiff   = 4.547474e-13
        TotalAbsDiff = 4.668488e-13
        MaxRelDiff   = 2.769870e-14

Elapsed time         =      0.093 (s)
Grind time (us/z/c)  =  9.3409958 (per dom)  (0.093409958 overall)
FOM                  =  107.05497 (z/s)

