--------------------------------------------------------------------------
WARNING: There was an error initializing an OpenFabrics device.

  Local host:   node59
  Local device: mlx5_0
--------------------------------------------------------------------------
Running problem size 40^3 per domain until completion
Num processors: 27
Num threads: 1
Total number of elements: 1728000 

To run other sizes, use -s <integer>.
To run a fixed number of iterations, use -i <integer>.
To run a more or less balanced region set, use -b <integer>.
To change the relative costs of regions, use -c <integer>.
To print out progress, use -p
To write an output file for VisIt, use -v
See help (-h) for more options

[node59.prod.phadcloud.local:1088215] 26 more processes have sent help message help-mpi-btl-openib.txt / error in device init
[node59.prod.phadcloud.local:1088215] Set MCA parameter "orte_base_help_aggregate" to 0 to see all help / error messages
Run completed:
   Problem size        =  40
   MPI tasks           =  27
   Iteration count     =  20
   Final Origin Energy =  2.803434e+08
   Testing Plane 0 of Energy Array on rank 0:
        MaxAbsDiff   = 1.862645e-08
        TotalAbsDiff = 1.929680e-08
        MaxRelDiff   = 7.065527e-13

Elapsed time         =         14 (s)
Grind time (us/z/c)  =  10.925117 (per dom)  (  13.98415 overall)
FOM                  =  2471.3693 (z/s)

