--------------------------------------------------------------------------
WARNING: There was an error initializing an OpenFabrics device.

  Local host:   node219
  Local device: mlx5_0
--------------------------------------------------------------------------
Running problem size 20^3 per domain until completion
Num processors: 1
Num threads: 1
Total number of elements: 8000 

To run other sizes, use -s <integer>.
To run a fixed number of iterations, use -i <integer>.
To run a more or less balanced region set, use -b <integer>.
To change the relative costs of regions, use -c <integer>.
To print out progress, use -p
To write an output file for VisIt, use -v
See help (-h) for more options

Run completed:
   Problem size        =  20
   MPI tasks           =  1
   Iteration count     =  20
   Final Origin Energy =  1.297886e+06
   Testing Plane 0 of Energy Array on rank 0:
        MaxAbsDiff   = 1.309672e-10
        TotalAbsDiff = 1.333550e-10
        MaxRelDiff   = 5.438695e-13

Elapsed time         =       0.18 (s)
Grind time (us/z/c)  =  1.1465659 (per dom)  (0.18345054 overall)
FOM                  =  872.16969 (z/s)

