CASE_LABEL=baseline_hybrid_np27_t3_s20_i20_bindcore_20260504_171249
SECTION_NAME=hybrid
MPI_BINDING_MODE=core
HYBRID_LAYOUT_MODE=slotpe
OMP_NUM_THREADS=3
OMP_PLACES=cores
OMP_PROC_BIND=close
MPI_CMD=mpirun --map-by slot:PE=3 --bind-to core -np 27 /phadcloud/home/phadcloud65np17907/build-lulesh-baseline/lulesh2.0 -s 20 -i 20
Model name:                         INTEL(R) XEON(R) PLATINUM 8581C
Thread(s) per core:                 1
Core(s) per socket:                 60
Socket(s):                          2
NUMA node(s):                       4
NUMA node0 CPU(s):                  0-29
NUMA node1 CPU(s):                  30-59
NUMA node2 CPU(s):                  60-89
NUMA node3 CPU(s):                  90-119

--------------------------------------------------------------------------
WARNING: There was an error initializing an OpenFabrics device.

  Local host:   node60
  Local device: mlx5_0
--------------------------------------------------------------------------
[node60.prod.phadcloud.local:1787503] [[2338,0],0] ORTE_ERROR_LOG: Data unpack would read past end of buffer in file util/show_help.c at line 501
Running problem size 20^3 per domain until completion
Num processors: 27
Num threads: 3
Total number of elements: 216000 

To run other sizes, use -s <integer>.
To run a fixed number of iterations, use -i <integer>.
To run a more or less balanced region set, use -b <integer>.
To change the relative costs of regions, use -c <integer>.
To print out progress, use -p
To write an output file for VisIt, use -v
See help (-h) for more options

Run completed:
   Problem size        =  20
   MPI tasks           =  27
   Iteration count     =  20
   Final Origin Energy =  3.504293e+07
   Testing Plane 0 of Energy Array on rank 0:
        MaxAbsDiff   = 1.396984e-09
        TotalAbsDiff = 1.420636e-09
        MaxRelDiff   = 9.254514e-13

Elapsed time         =       0.15 (s)
Grind time (us/z/c)  = 0.92814186 (per dom)  ( 0.1485027 overall)
FOM                  =  29090.381 (z/s)

[node60.prod.phadcloud.local:1787503] 25 more processes have sent help message help-mpi-btl-openib.txt / error in device init
[node60.prod.phadcloud.local:1787503] Set MCA parameter "orte_base_help_aggregate" to 0 to see all help / error messages
