CASE_LABEL=baseline_hybrid_np1_t96_s20_i20_bindcore_20260504_171249
SECTION_NAME=hybrid
MPI_BINDING_MODE=core
HYBRID_LAYOUT_MODE=slotpe
OMP_NUM_THREADS=96
OMP_PLACES=cores
OMP_PROC_BIND=close
MPI_CMD=mpirun --map-by slot:PE=96 --bind-to core -np 1 /phadcloud/home/phadcloud65np17907/build-lulesh-baseline/lulesh2.0 -s 20 -i 20
Model name:                         INTEL(R) XEON(R) PLATINUM 8581C
Thread(s) per core:                 1
Core(s) per socket:                 60
Socket(s):                          2
NUMA node(s):                       4
NUMA node0 CPU(s):                  0-29
NUMA node1 CPU(s):                  30-59
NUMA node2 CPU(s):                  60-89
NUMA node3 CPU(s):                  90-119

--------------------------------------------------------------------------
WARNING: There was an error initializing an OpenFabrics device.

  Local host:   node60
  Local device: mlx5_0
--------------------------------------------------------------------------
Running problem size 20^3 per domain until completion
Num processors: 1
Num threads: 96
Total number of elements: 8000 

To run other sizes, use -s <integer>.
To run a fixed number of iterations, use -i <integer>.
To run a more or less balanced region set, use -b <integer>.
To change the relative costs of regions, use -c <integer>.
To print out progress, use -p
To write an output file for VisIt, use -v
See help (-h) for more options

Run completed:
   Problem size        =  20
   MPI tasks           =  1
   Iteration count     =  20
   Final Origin Energy =  1.297886e+06
   Testing Plane 0 of Energy Array on rank 0:
        MaxAbsDiff   = 8.731149e-11
        TotalAbsDiff = 8.924449e-11
        MaxRelDiff   = 5.455196e-13

Elapsed time         =       0.33 (s)
Grind time (us/z/c)  =  2.0654757 (per dom)  (0.33047611 overall)
FOM                  =  484.14997 (z/s)

