--------------------------------------------------------------------------
WARNING: There was an error initializing an OpenFabrics device.

  Local host:   node126
  Local device: mlx5_0
--------------------------------------------------------------------------
Running problem size 20^3 per domain until completion
Num processors: 27
Num threads: 1
Total number of elements: 216000

To run other sizes, use -s <integer>.
To run a fixed number of iterations, use -i <integer>.
To run a more or less balanced region set, use -b <integer>.
To change the relative costs of regions, use -c <integer>.
To print out progress, use -p
See help (-h) for more options

[node126.prod.phadcloud.local:1524216] 26 more processes have sent help message help-mpi-btl-openib.txt / error in device init
[node126.prod.phadcloud.local:1524216] Set MCA parameter "orte_base_help_aggregate" to 0 to see all help / error messages
Run completed:  
   Problem size        =  20 
   MPI tasks           =  27 
   Iteration count     =  20 
   Final Origin Energy = 3.504293e+07 
   Testing Plane 0 of Energy Array on rank 0:
        MaxAbsDiff   = 1.396984e-09
        TotalAbsDiff = 1.420636e-09
        MaxRelDiff   = 9.254514e-13


Elapsed time         =       7.57 (s)
Grind time (us/z/c)  =  47.343613 (per dom)  ( 1.7534671 overall)
FOM                  =  570.29869 (z/s)

