--------------------------------------------------------------------------
WARNING: There was an error initializing an OpenFabrics device.

  Local host:   node60
  Local device: mlx5_0
--------------------------------------------------------------------------
Running problem size 120^3 per domain until completion
Num processors: 27
Num threads: 1
Total number of elements: 46656000 

To run other sizes, use -s <integer>.
To run a fixed number of iterations, use -i <integer>.
To run a more or less balanced region set, use -b <integer>.
To change the relative costs of regions, use -c <integer>.
To print out progress, use -p
To write an output file for VisIt, use -v
See help (-h) for more options

[node60.prod.phadcloud.local:1734987] 26 more processes have sent help message help-mpi-btl-openib.txt / error in device init
[node60.prod.phadcloud.local:1734987] Set MCA parameter "orte_base_help_aggregate" to 0 to see all help / error messages
Run completed:
   Problem size        =  120
   MPI tasks           =  27
   Iteration count     =  20
   Final Origin Energy =  7.569272e+09
   Testing Plane 0 of Energy Array on rank 0:
        MaxAbsDiff   = 5.960464e-07
        TotalAbsDiff = 6.132811e-07
        MaxRelDiff   = 2.101156e-13

Elapsed time         =    3.2e+02 (s)
Grind time (us/z/c)  =  9.1352137 (per dom)  ( 315.71298 overall)
FOM                  =  2955.5959 (z/s)

