Running problem size 20^3 per domain until completion
Num processors: 64
Num threads: 1
Total number of elements: 512000 

To run other sizes, use -s <integer>.
To run a fixed number of iterations, use -i <integer>.
To run a more or less balanced region set, use -b <integer>.
To change the relative costs of regions, use -c <integer>.
To print out progress, use -p
To write an output file for VisIt, use -v
See help (-h) for more options

Run completed:
   Problem size        =  20
   MPI tasks           =  64
   Iteration count     =  20
   Final Origin Energy =  8.306471e+07
   Testing Plane 0 of Energy Array on rank 0:
        MaxAbsDiff   = 2.793968e-09
        TotalAbsDiff = 2.936129e-09
        MaxRelDiff   = 6.088817e-13

Elapsed time         =         18 (s)
Grind time (us/z/c)  =  112.59972 (per dom)  ( 18.015954 overall)
FOM                  =   568.3851 (z/s)

