[node60.prod.phadcloud.local:1760745] MCW rank 0 bound to socket 0[core 0[hwt 0]]: [B/././././././././././././././././././././././.][./././././././././././././././.]
--------------------------------------------------------------------------
WARNING: There was an error initializing an OpenFabrics device.

  Local host:   node60
  Local device: mlx5_0
--------------------------------------------------------------------------
Running problem size 40^3 per domain until completion
Num processors: 1
Num threads: 40
Total number of elements: 64000 

To run other sizes, use -s <integer>.
To run a fixed number of iterations, use -i <integer>.
To run a more or less balanced region set, use -b <integer>.
To change the relative costs of regions, use -c <integer>.
To print out progress, use -p
To write an output file for VisIt, use -v
See help (-h) for more options

Run completed:
   Problem size        =  40
   MPI tasks           =  1
   Iteration count     =  20
   Final Origin Energy =  1.038309e+07
   Testing Plane 0 of Energy Array on rank 0:
        MaxAbsDiff   = 1.164153e-10
        TotalAbsDiff = 1.259809e-10
        MaxRelDiff   = 9.289033e-13

Elapsed time         =        2.6 (s)
Grind time (us/z/c)  =  2.0359517 (per dom)  ( 2.6060181 overall)
FOM                  =  491.17079 (z/s)

