--------------------------------------------------------------------------
WARNING: There was an error initializing an OpenFabrics device.

  Local host:   node126
  Local device: mlx5_0
--------------------------------------------------------------------------
Running problem size 20^3 per domain until completion
Num processors: 8
Num threads: 1
Total number of elements: 64000

To run other sizes, use -s <integer>.
To run a fixed number of iterations, use -i <integer>.
To run a more or less balanced region set, use -b <integer>.
To change the relative costs of regions, use -c <integer>.
To print out progress, use -p
See help (-h) for more options

Run completed:  
   Problem size        =  20 
   MPI tasks           =  8 
   Iteration count     =  20 
   Final Origin Energy = 1.038309e+07 
   Testing Plane 0 of Energy Array on rank 0:
        MaxAbsDiff   = 1.164153e-10
        TotalAbsDiff = 1.259809e-10
        MaxRelDiff   = 9.289033e-13


Elapsed time         =       2.47 (s)
Grind time (us/z/c)  =  15.418738 (per dom)  ( 1.9273422 overall)
FOM                  =  518.84922 (z/s)

[node126.prod.phadcloud.local:1523895] 7 more processes have sent help message help-mpi-btl-openib.txt / error in device init
[node126.prod.phadcloud.local:1523895] Set MCA parameter "orte_base_help_aggregate" to 0 to see all help / error messages
