Running problem size 120^3 per domain until completion
Num processors: 8
Num threads: 8
Total number of elements: 13824000

To run other sizes, use -s <integer>.
To run a fixed number of iterations, use -i <integer>.
To run a more or less balanced region set, use -b <integer>.
To change the relative costs of regions, use -c <integer>.
To print out progress, use -p
See help (-h) for more options

Run completed:  
   Problem size        =  120 
   MPI tasks           =  8 
   Iteration count     =  20 
   Final Origin Energy = 2.242747e+09 
   Testing Plane 0 of Energy Array on rank 0:
        MaxAbsDiff   = 2.086163e-07
        TotalAbsDiff = 2.161873e-07
        MaxRelDiff   = 2.800676e-13


Elapsed time         =     115.40 (s)
Grind time (us/z/c)  =  3.3390038 (per dom)  (0.41737547 overall)
FOM                  =  2395.9242 (z/s)

