--------------------------------------------------------------------------
WARNING: There was an error initializing an OpenFabrics device.

  Local host:   node60
  Local device: mlx5_0
--------------------------------------------------------------------------
Running problem size 80^3 per domain until completion
Num processors: 8
Num threads: 2
Total number of elements: 4096000

To run other sizes, use -s <integer>.
To run a fixed number of iterations, use -i <integer>.
To run a more or less balanced region set, use -b <integer>.
To change the relative costs of regions, use -c <integer>.
To print out progress, use -p
See help (-h) for more options

[node60.prod.phadcloud.local:1731566] 7 more processes have sent help message help-mpi-btl-openib.txt / error in device init
[node60.prod.phadcloud.local:1731566] Set MCA parameter "orte_base_help_aggregate" to 0 to see all help / error messages
Run completed:  
   Problem size        =  80 
   MPI tasks           =  8 
   Iteration count     =  20 
   Final Origin Energy = 6.645177e+08 
   Testing Plane 0 of Energy Array on rank 0:
        MaxAbsDiff   = 7.450581e-09
        TotalAbsDiff = 8.498952e-09
        MaxRelDiff   = 2.274708e-12


Elapsed time         =      31.53 (s)
Grind time (us/z/c)  =  3.0793801 (per dom)  (0.38492251 overall)
FOM                  =  2597.9255 (z/s)

