Running problem size 40^3 per domain until completion
Num processors: 64
Num threads: 1
Total number of elements: 4096000 

To run other sizes, use -s <integer>.
To run a fixed number of iterations, use -i <integer>.
To run a more or less balanced region set, use -b <integer>.
To change the relative costs of regions, use -c <integer>.
To print out progress, use -p
To write an output file for VisIt, use -v
See help (-h) for more options

Run completed:
   Problem size        =  40
   MPI tasks           =  64
   Iteration count     =  20
   Final Origin Energy =  6.645177e+08
   Testing Plane 0 of Energy Array on rank 0:
        MaxAbsDiff   = 1.490116e-08
        TotalAbsDiff = 1.571670e-08
        MaxRelDiff   = 2.274214e-12

Elapsed time         =         38 (s)
Grind time (us/z/c)  =  29.526119 (per dom)  ( 37.793433 overall)
FOM                  =  2167.5724 (z/s)

