Running problem size 40^3 per domain until completion
Num processors: 27
Num threads: 2
Total number of elements: 1728000 

To run other sizes, use -s <integer>.
To run a fixed number of iterations, use -i <integer>.
To run a more or less balanced region set, use -b <integer>.
To change the relative costs of regions, use -c <integer>.
To print out progress, use -p
To write an output file for VisIt, use -v
See help (-h) for more options

Run completed:
   Problem size        =  40
   MPI tasks           =  27
   Iteration count     =  20
   Final Origin Energy =  2.803434e+08
   Testing Plane 0 of Energy Array on rank 0:
        MaxAbsDiff   = 3.725290e-09
        TotalAbsDiff = 3.842665e-09
        MaxRelDiff   = 7.075801e-13

Elapsed time         =         40 (s)
Grind time (us/z/c)  =   31.55346 (per dom)  ( 40.388428 overall)
FOM                  =  855.69064 (z/s)

