--------------------------------------------------------------------------
WARNING: There was an error initializing an OpenFabrics device.

  Local host:   node59
  Local device: mlx5_0
--------------------------------------------------------------------------
Running problem size 40^3 per domain until completion
Num processors: 8
Num threads: 1
Total number of elements: 512000 

To run other sizes, use -s <integer>.
To run a fixed number of iterations, use -i <integer>.
To run a more or less balanced region set, use -b <integer>.
To change the relative costs of regions, use -c <integer>.
To print out progress, use -p
To write an output file for VisIt, use -v
See help (-h) for more options

Run completed:
   Problem size        =  40
   MPI tasks           =  8
   Iteration count     =  20
   Final Origin Energy =  8.306471e+07
   Testing Plane 0 of Energy Array on rank 0:
        MaxAbsDiff   = 2.793968e-09
        TotalAbsDiff = 2.936129e-09
        MaxRelDiff   = 6.088817e-13

Elapsed time         =        4.1 (s)
Grind time (us/z/c)  =  3.1908842 (per dom)  ( 4.0843317 overall)
FOM                  =  2507.1421 (z/s)

[node59.prod.phadcloud.local:1087846] 7 more processes have sent help message help-mpi-btl-openib.txt / error in device init
[node59.prod.phadcloud.local:1087846] Set MCA parameter "orte_base_help_aggregate" to 0 to see all help / error messages
