CASE_LABEL=kc_hybrid_np8_t12_s120_i20_bindcore_20260506_235349
SECTION_NAME=hybrid
MPI_BINDING_MODE=core
HYBRID_LAYOUT_MODE=slotpe
OMP_NUM_THREADS=12
OMP_PLACES=cores
OMP_PROC_BIND=close
MPI_CMD=mpirun --map-by slot:PE=12 --bind-to core -np 8 /phadcloud/home/phadcloud65np17907/build-cluster-kc/lulesh2.0 -s 120 -i 20
Model name:                         INTEL(R) XEON(R) PLATINUM 8576C
Thread(s) per core:                 1
Core(s) per socket:                 56
Socket(s):                          2
NUMA node(s):                       4
NUMA node0 CPU(s):                  0-27
NUMA node1 CPU(s):                  28-55
NUMA node2 CPU(s):                  56-83
NUMA node3 CPU(s):                  84-111

--------------------------------------------------------------------------
WARNING: There was an error initializing an OpenFabrics device.

  Local host:   node24
  Local device: mlx5_0
--------------------------------------------------------------------------
Running problem size 120^3 per domain until completion
Num processors: 8
Num threads: 12
Total number of elements: 13824000

To run other sizes, use -s <integer>.
To run a fixed number of iterations, use -i <integer>.
To run a more or less balanced region set, use -b <integer>.
To change the relative costs of regions, use -c <integer>.
To print out progress, use -p
See help (-h) for more options

Run completed:  
   Problem size        =  120 
   MPI tasks           =  8 
   Iteration count     =  20 
   Final Origin Energy = 2.242747e+09 
   Testing Plane 0 of Energy Array on rank 0:
        MaxAbsDiff   = 2.086163e-07
        TotalAbsDiff = 2.161873e-07
        MaxRelDiff   = 2.800676e-13


Elapsed time         =       2.76 (s)
Grind time (us/z/c)  = 0.079833478 (per dom)  (0.0099791848 overall)
FOM                  =  100208.59 (z/s)

[node24.prod.phadcloud.local:987940] 7 more processes have sent help message help-mpi-btl-openib.txt / error in device init
[node24.prod.phadcloud.local:987940] Set MCA parameter "orte_base_help_aggregate" to 0 to see all help / error messages
