Running problem size 80^3 per domain until completion
Num processors: 8
Num threads: 1
Total number of elements: 4096000 

To run other sizes, use -s <integer>.
To run a fixed number of iterations, use -i <integer>.
To run a more or less balanced region set, use -b <integer>.
To change the relative costs of regions, use -c <integer>.
To print out progress, use -p
To write an output file for VisIt, use -v
See help (-h) for more options

Run completed:
   Problem size        =  80
   MPI tasks           =  8
   Iteration count     =  20
   Final Origin Energy =  6.645177e+08
   Testing Plane 0 of Energy Array on rank 0:
        MaxAbsDiff   = 1.490116e-08
        TotalAbsDiff = 1.571670e-08
        MaxRelDiff   = 2.274214e-12

Elapsed time         =         24 (s)
Grind time (us/z/c)  =  2.3737693 (per dom)  ( 24.307397 overall)
FOM                  =  3370.1675 (z/s)

