Running problem size 80^3 per domain until completion
Num processors: 64
Num threads: 1
Total number of elements: 32768000 

To run other sizes, use -s <integer>.
To run a fixed number of iterations, use -i <integer>.
To run a more or less balanced region set, use -b <integer>.
To change the relative costs of regions, use -c <integer>.
To print out progress, use -p
To write an output file for VisIt, use -v
See help (-h) for more options

Run completed:
   Problem size        =  80
   MPI tasks           =  64
   Iteration count     =  20
   Final Origin Energy =  5.316142e+09
   Testing Plane 0 of Energy Array on rank 0:
        MaxAbsDiff   = 2.980232e-07
        TotalAbsDiff = 3.026954e-07
        MaxRelDiff   = 1.633415e-12

Elapsed time         =      2e+02 (s)
Grind time (us/z/c)  =  19.690797 (per dom)  ( 201.63377 overall)
FOM                  =  3250.2493 (z/s)

