Running problem size 120^3 per domain until completion
Num processors: 27
Num threads: 2
Total number of elements: 46656000

To run other sizes, use -s <integer>.
To run a fixed number of iterations, use -i <integer>.
To run a more or less balanced region set, use -b <integer>.
To change the relative costs of regions, use -c <integer>.
To print out progress, use -p
See help (-h) for more options

Run completed:  
   Problem size        =  120 
   MPI tasks           =  27 
   Iteration count     =  20 
   Final Origin Energy = 7.569272e+09 
   Testing Plane 0 of Energy Array on rank 0:
        MaxAbsDiff   = 3.576279e-07
        TotalAbsDiff = 4.880271e-07
        MaxRelDiff   = 1.357083e-12


Elapsed time         =     207.11 (s)
Grind time (us/z/c)  =  5.9927657 (per dom)  (0.22195429 overall)
FOM                  =  4505.4323 (z/s)

