Running problem size 10^3 per domain until completion
Num processors: 8
Num threads: 1
Total number of elements: 8000 

To run other sizes, use -s <integer>.
To run a fixed number of iterations, use -i <integer>.
To run a more or less balanced region set, use -b <integer>.
To change the relative costs of regions, use -c <integer>.
To print out progress, use -p
To write an output file for VisIt, use -v
See help (-h) for more options

Run completed:
   Problem size        =  10
   MPI tasks           =  8
   Iteration count     =  10
   Final Origin Energy =  2.077411e+06
   Testing Plane 0 of Energy Array on rank 0:
        MaxAbsDiff   = 5.093170e-11
        TotalAbsDiff = 5.125367e-11
        MaxRelDiff   = 6.880708e-14

Elapsed time         =     0.0061 (s)
Grind time (us/z/c)  =  0.6100532 (per dom)  (0.006100532 overall)
FOM                  =   13113.61 (z/s)

