Running problem size 10^3 per domain until completion
Num processors: 1
Num threads: 8
Total number of elements: 1000

To run other sizes, use -s <integer>.
To run a fixed number of iterations, use -i <integer>.
To run a more or less balanced region set, use -b <integer>.
To change the relative costs of regions, use -c <integer>.
To print out progress, use -p
See help (-h) for more options

Run completed:  
   Problem size        =  10 
   MPI tasks           =  1 
   Iteration count     =  10 
   Final Origin Energy = 2.596764e+05 
   Testing Plane 0 of Energy Array on rank 0:
        MaxAbsDiff   = 4.092726e-12
        TotalAbsDiff = 4.105827e-12
        MaxRelDiff   = 2.813836e-14


Elapsed time         =       0.04 (s)
Grind time (us/z/c)  =  4.2185103 (per dom)  ( 4.2185103 overall)
FOM                  =  237.05051 (z/s)

